[INFO] Scanning for projects...
[INFO] 
[INFO] ------------------------< com.example:magazyn >-------------------------
[INFO] Building magazyn 0.0.1-SNAPSHOT
[INFO]   from pom.xml
[INFO] --------------------------------[ jar ]---------------------------------
[INFO] 
[INFO] --- clean:3.5.0:clean (default-clean) @ magazyn ---
[INFO] Deleting D:\Dane\Projekty\magazyn-app\target
[INFO] 
[INFO] --- resources:3.3.1:resources (default-resources) @ magazyn ---
[INFO] Copying 1 resource from src\main\resources to target\classes
[INFO] Copying 8 resources from src\main\resources to target\classes
[INFO] 
[INFO] --- compiler:3.14.1:compile (default-compile) @ magazyn ---
[INFO] Recompiling the module because of changed source code.
[INFO] Compiling 131 source files with javac [debug parameters release 17] to target\classes
[INFO] /D:/Dane/Projekty/magazyn-app/src/main/java/com/example/magazyn/config/RateLimitFilter.java: D:\Dane\Projekty\magazyn-app\src\main\java\com\example\magazyn\config\RateLimitFilter.java uses or overrides a deprecated API.
[INFO] /D:/Dane/Projekty/magazyn-app/src/main/java/com/example/magazyn/config/RateLimitFilter.java: Recompile with -Xlint:deprecation for details.
[INFO] 
[INFO] --- resources:3.3.1:testResources (default-testResources) @ magazyn ---
[INFO] Copying 1 resource from src\test\resources to target\test-classes
[INFO] 
[INFO] --- compiler:3.14.1:testCompile (default-testCompile) @ magazyn ---
[INFO] Recompiling the module because of changed dependency.
[INFO] Compiling 14 source files with javac [debug parameters release 17] to target\test-classes
[INFO] -------------------------------------------------------------
[ERROR] COMPILATION ERROR : 
[INFO] -------------------------------------------------------------
[ERROR] /D:/Dane/Projekty/magazyn-app/src/test/java/com/example/magazyn/service/LocationServiceTest.java:[81,9] cannot find symbol
  symbol:   method when(com.example.magazyn.entity.Location)
  location: class com.example.magazyn.service.LocationServiceTest
[ERROR] /D:/Dane/Projekty/magazyn-app/src/test/java/com/example/magazyn/service/LocationServiceTest.java:[92,9] cannot find symbol
  symbol:   method verify(com.example.magazyn.repository.LocationRepository)
  location: class com.example.magazyn.service.LocationServiceTest
[ERROR] /D:/Dane/Projekty/magazyn-app/src/test/java/com/example/magazyn/service/LocationServiceTest.java:[93,36] cannot find symbol
  symbol:   method never()
  location: class com.example.magazyn.service.LocationServiceTest
[ERROR] /D:/Dane/Projekty/magazyn-app/src/test/java/com/example/magazyn/service/LocationServiceTest.java:[100,9] cannot find symbol
  symbol:   method when(boolean)
  location: class com.example.magazyn.service.LocationServiceTest
[ERROR] /D:/Dane/Projekty/magazyn-app/src/test/java/com/example/magazyn/service/LocationServiceTest.java:[103,9] cannot find symbol
  symbol:   method when(com.example.magazyn.entity.Location)
  location: class com.example.magazyn.service.LocationServiceTest
[ERROR] /D:/Dane/Projekty/magazyn-app/src/test/java/com/example/magazyn/service/LocationServiceTest.java:[110,9] cannot find symbol
  symbol:   method verify(com.example.magazyn.repository.LocationRepository)
  location: class com.example.magazyn.service.LocationServiceTest
[ERROR] /D:/Dane/Projekty/magazyn-app/src/test/java/com/example/magazyn/service/LocationServiceTest.java:[117,9] cannot find symbol
  symbol:   method when(boolean)
  location: class com.example.magazyn.service.LocationServiceTest
[ERROR] /D:/Dane/Projekty/magazyn-app/src/test/java/com/example/magazyn/service/LocationServiceTest.java:[123,9] cannot find symbol
  symbol:   method verify(com.example.magazyn.repository.LocationRepository)
  location: class com.example.magazyn.service.LocationServiceTest
[ERROR] /D:/Dane/Projekty/magazyn-app/src/test/java/com/example/magazyn/service/LocationServiceTest.java:[124,36] cannot find symbol
  symbol:   method never()
  location: class com.example.magazyn.service.LocationServiceTest
[ERROR] /D:/Dane/Projekty/magazyn-app/src/test/java/com/example/magazyn/service/LocationServiceTest.java:[132,9] cannot find symbol
  symbol:   method when(com.example.magazyn.entity.Location)
  location: class com.example.magazyn.service.LocationServiceTest
[ERROR] /D:/Dane/Projekty/magazyn-app/src/test/java/com/example/magazyn/service/LocationServiceTest.java:[136,36] cannot find symbol
  symbol:   method never()
  location: class com.example.magazyn.service.LocationServiceTest
[ERROR] /D:/Dane/Projekty/magazyn-app/src/test/java/com/example/magazyn/service/LocationServiceTest.java:[137,9] cannot find symbol
  symbol:   method verify(com.example.magazyn.repository.LocationRepository)
  location: class com.example.magazyn.service.LocationServiceTest
[ERROR] /D:/Dane/Projekty/magazyn-app/src/test/java/com/example/magazyn/service/LocationServiceTest.java:[150,9] cannot find symbol
  symbol:   method when(java.util.List<com.example.magazyn.entity.Location>)
  location: class com.example.magazyn.service.LocationServiceTest
[ERROR] /D:/Dane/Projekty/magazyn-app/src/test/java/com/example/magazyn/service/LocationServiceTest.java:[173,9] cannot find symbol
  symbol:   method when(java.util.List<com.example.magazyn.entity.Location>)
  location: class com.example.magazyn.service.LocationServiceTest
[ERROR] /D:/Dane/Projekty/magazyn-app/src/test/java/com/example/magazyn/service/LocationServiceTest.java:[184,9] cannot find symbol
  symbol:   method when(java.util.List<com.example.magazyn.entity.Location>)
  location: class com.example.magazyn.service.LocationServiceTest
[ERROR] /D:/Dane/Projekty/magazyn-app/src/test/java/com/example/magazyn/service/LocationServiceTest.java:[199,9] cannot find symbol
  symbol:   method when(java.util.Optional<com.example.magazyn.entity.Location>)
  location: class com.example.magazyn.service.LocationServiceTest
[ERROR] /D:/Dane/Projekty/magazyn-app/src/test/java/com/example/magazyn/service/LocationServiceTest.java:[200,9] cannot find symbol
  symbol:   method when(boolean)
  location: class com.example.magazyn.service.LocationServiceTest
[ERROR] /D:/Dane/Projekty/magazyn-app/src/test/java/com/example/magazyn/service/LocationServiceTest.java:[204,9] cannot find symbol
  symbol:   method verify(com.example.magazyn.repository.LocationRepository)
  location: class com.example.magazyn.service.LocationServiceTest
[ERROR] /D:/Dane/Projekty/magazyn-app/src/test/java/com/example/magazyn/service/LocationServiceTest.java:[211,9] cannot find symbol
  symbol:   method when(java.util.Optional<com.example.magazyn.entity.Location>)
  location: class com.example.magazyn.service.LocationServiceTest
[ERROR] /D:/Dane/Projekty/magazyn-app/src/test/java/com/example/magazyn/service/LocationServiceTest.java:[212,9] cannot find symbol
  symbol:   method when(boolean)
  location: class com.example.magazyn.service.LocationServiceTest
[ERROR] /D:/Dane/Projekty/magazyn-app/src/test/java/com/example/magazyn/service/LocationServiceTest.java:[218,36] cannot find symbol
  symbol:   method never()
  location: class com.example.magazyn.service.LocationServiceTest
[ERROR] /D:/Dane/Projekty/magazyn-app/src/test/java/com/example/magazyn/service/LocationServiceTest.java:[223,9] cannot find symbol
  symbol:   method when(java.util.Optional<com.example.magazyn.entity.Location>)
  location: class com.example.magazyn.service.LocationServiceTest
[ERROR] /D:/Dane/Projekty/magazyn-app/src/test/java/com/example/magazyn/service/LocationServiceTest.java:[229,36] cannot find symbol
  symbol:   method never()
  location: class com.example.magazyn.service.LocationServiceTest
[ERROR] /D:/Dane/Projekty/magazyn-app/src/test/java/com/example/magazyn/service/LocationServiceTest.java:[241,9] cannot find symbol
  symbol:   method when(java.util.List<com.example.magazyn.entity.Location>)
  location: class com.example.magazyn.service.LocationServiceTest
[ERROR] /D:/Dane/Projekty/magazyn-app/src/test/java/com/example/magazyn/service/LocationServiceTest.java:[253,9] cannot find symbol
  symbol:   method when(java.util.Optional<com.example.magazyn.entity.Location>)
  location: class com.example.magazyn.service.LocationServiceTest
[ERROR] /D:/Dane/Projekty/magazyn-app/src/test/java/com/example/magazyn/service/LocationServiceTest.java:[263,9] cannot find symbol
  symbol:   method when(java.util.Optional<com.example.magazyn.entity.Location>)
  location: class com.example.magazyn.service.LocationServiceTest
[ERROR] /D:/Dane/Projekty/magazyn-app/src/test/java/com/example/magazyn/service/LocationServiceTest.java:[275,9] cannot find symbol
  symbol:   method when(java.util.List<com.example.magazyn.entity.Location>)
  location: class com.example.magazyn.service.LocationServiceTest
[ERROR] /D:/Dane/Projekty/magazyn-app/src/test/java/com/example/magazyn/service/LocationServiceTest.java:[293,9] cannot find symbol
  symbol:   method when(java.util.Optional<com.example.magazyn.entity.Location>)
  location: class com.example.magazyn.service.LocationServiceTest
[ERROR] /D:/Dane/Projekty/magazyn-app/src/test/java/com/example/magazyn/service/LocationServiceTest.java:[294,9] cannot find symbol
  symbol:   method when(com.example.magazyn.entity.Location)
  location: class com.example.magazyn.service.LocationServiceTest
[ERROR] /D:/Dane/Projekty/magazyn-app/src/test/java/com/example/magazyn/service/LocationServiceTest.java:[309,9] cannot find symbol
  symbol:   method when(java.util.Optional<com.example.magazyn.entity.Location>)
  location: class com.example.magazyn.service.LocationServiceTest
[ERROR] /D:/Dane/Projekty/magazyn-app/src/test/java/com/example/magazyn/service/LocationServiceTest.java:[310,9] cannot find symbol
  symbol:   method when(boolean)
  location: class com.example.magazyn.service.LocationServiceTest
[ERROR] /D:/Dane/Projekty/magazyn-app/src/test/java/com/example/magazyn/service/LocationServiceTest.java:[315,36] cannot find symbol
  symbol:   method never()
  location: class com.example.magazyn.service.LocationServiceTest
[ERROR] /D:/Dane/Projekty/magazyn-app/src/test/java/com/example/magazyn/service/LocationServiceTest.java:[321,9] cannot find symbol
  symbol:   method when(java.util.Optional<com.example.magazyn.entity.Location>)
  location: class com.example.magazyn.service.LocationServiceTest
[ERROR] /D:/Dane/Projekty/magazyn-app/src/test/java/com/example/magazyn/service/LocationServiceTest.java:[334,9] cannot find symbol
  symbol:   method when(java.util.Optional<com.example.magazyn.entity.Location>)
  location: class com.example.magazyn.service.LocationServiceTest
[ERROR] /D:/Dane/Projekty/magazyn-app/src/test/java/com/example/magazyn/service/LocationServiceTest.java:[335,9] cannot find symbol
  symbol:   method when(com.example.magazyn.entity.Location)
  location: class com.example.magazyn.service.LocationServiceTest
[ERROR] /D:/Dane/Projekty/magazyn-app/src/test/java/com/example/magazyn/service/LocationServiceTest.java:[369,9] cannot find symbol
  symbol:   method when(java.util.Optional<com.example.magazyn.entity.Location>)
  location: class com.example.magazyn.service.LocationServiceTest
[ERROR] /D:/Dane/Projekty/magazyn-app/src/test/java/com/example/magazyn/service/LocationServiceTest.java:[370,9] cannot find symbol
  symbol:   method when(java.util.Optional<com.example.magazyn.entity.Location>)
  location: class com.example.magazyn.service.LocationServiceTest
[ERROR] /D:/Dane/Projekty/magazyn-app/src/test/java/com/example/magazyn/service/LocationServiceTest.java:[371,9] cannot find symbol
  symbol:   method when(java.util.Optional<com.example.magazyn.entity.Product>)
  location: class com.example.magazyn.service.LocationServiceTest
[ERROR] /D:/Dane/Projekty/magazyn-app/src/test/java/com/example/magazyn/service/LocationServiceTest.java:[372,9] cannot find symbol
  symbol:   method when(java.util.Optional<com.example.magazyn.entity.LocationStock>)
  location: class com.example.magazyn.service.LocationServiceTest
[ERROR] /D:/Dane/Projekty/magazyn-app/src/test/java/com/example/magazyn/service/LocationServiceTest.java:[373,9] cannot find symbol
  symbol:   method when(java.util.Optional<com.example.magazyn.entity.LocationStock>)
  location: class com.example.magazyn.service.LocationServiceTest
[ERROR] /D:/Dane/Projekty/magazyn-app/src/test/java/com/example/magazyn/service/LocationServiceTest.java:[374,9] cannot find symbol
  symbol:   method when(java.util.List<com.example.magazyn.entity.LocationStock>)
  location: class com.example.magazyn.service.LocationServiceTest
[ERROR] /D:/Dane/Projekty/magazyn-app/src/test/java/com/example/magazyn/service/LocationServiceTest.java:[375,9] cannot find symbol
  symbol:   method when(java.util.List<com.example.magazyn.entity.LocationStock>)
  location: class com.example.magazyn.service.LocationServiceTest
[ERROR] /D:/Dane/Projekty/magazyn-app/src/test/java/com/example/magazyn/service/LocationServiceTest.java:[376,9] cannot find symbol
  symbol:   method when(java.util.Optional<com.example.magazyn.entity.Location>)
  location: class com.example.magazyn.service.LocationServiceTest
[ERROR] /D:/Dane/Projekty/magazyn-app/src/test/java/com/example/magazyn/service/LocationServiceTest.java:[377,9] cannot find symbol
  symbol:   method when(java.util.Optional<com.example.magazyn.entity.Location>)
  location: class com.example.magazyn.service.LocationServiceTest
[ERROR] /D:/Dane/Projekty/magazyn-app/src/test/java/com/example/magazyn/service/LocationServiceTest.java:[387,9] cannot find symbol
  symbol:   method verify(com.example.magazyn.repository.LocationStockRepository)
  location: class com.example.magazyn.service.LocationServiceTest
[ERROR] /D:/Dane/Projekty/magazyn-app/src/test/java/com/example/magazyn/service/LocationServiceTest.java:[388,9] cannot find symbol
  symbol:   method verify(com.example.magazyn.repository.LocationStockRepository)
  location: class com.example.magazyn.service.LocationServiceTest
[ERROR] /D:/Dane/Projekty/magazyn-app/src/test/java/com/example/magazyn/service/LocationServiceTest.java:[389,9] cannot find symbol
  symbol:   method verify(com.example.magazyn.service.AuditLogService)
  location: class com.example.magazyn.service.LocationServiceTest
[ERROR] /D:/Dane/Projekty/magazyn-app/src/test/java/com/example/magazyn/service/LocationServiceTest.java:[413,9] cannot find symbol
  symbol:   method when(java.util.Optional<com.example.magazyn.entity.Location>)
  location: class com.example.magazyn.service.LocationServiceTest
[ERROR] /D:/Dane/Projekty/magazyn-app/src/test/java/com/example/magazyn/service/LocationServiceTest.java:[414,9] cannot find symbol
  symbol:   method when(java.util.Optional<com.example.magazyn.entity.Location>)
  location: class com.example.magazyn.service.LocationServiceTest
[ERROR] /D:/Dane/Projekty/magazyn-app/src/test/java/com/example/magazyn/service/LocationServiceTest.java:[415,9] cannot find symbol
  symbol:   method when(java.util.Optional<com.example.magazyn.entity.Product>)
  location: class com.example.magazyn.service.LocationServiceTest
[ERROR] /D:/Dane/Projekty/magazyn-app/src/test/java/com/example/magazyn/service/LocationServiceTest.java:[416,9] cannot find symbol
  symbol:   method when(java.util.Optional<com.example.magazyn.entity.LocationStock>)
  location: class com.example.magazyn.service.LocationServiceTest
[ERROR] /D:/Dane/Projekty/magazyn-app/src/test/java/com/example/magazyn/service/LocationServiceTest.java:[437,9] cannot find symbol
  symbol:   method when(java.util.Optional<com.example.magazyn.entity.Location>)
  location: class com.example.magazyn.service.LocationServiceTest
[ERROR] /D:/Dane/Projekty/magazyn-app/src/test/java/com/example/magazyn/service/LocationServiceTest.java:[438,9] cannot find symbol
  symbol:   method when(java.util.Optional<com.example.magazyn.entity.Location>)
  location: class com.example.magazyn.service.LocationServiceTest
[ERROR] /D:/Dane/Projekty/magazyn-app/src/test/java/com/example/magazyn/service/LocationServiceTest.java:[439,9] cannot find symbol
  symbol:   method when(java.util.Optional<com.example.magazyn.entity.Product>)
  location: class com.example.magazyn.service.LocationServiceTest
[ERROR] /D:/Dane/Projekty/magazyn-app/src/test/java/com/example/magazyn/service/LocationServiceTest.java:[440,9] cannot find symbol
  symbol:   method when(java.util.Optional<com.example.magazyn.entity.LocationStock>)
  location: class com.example.magazyn.service.LocationServiceTest
[ERROR] /D:/Dane/Projekty/magazyn-app/src/test/java/com/example/magazyn/service/LocationServiceTest.java:[467,9] cannot find symbol
  symbol:   method when(java.util.Optional<com.example.magazyn.entity.Location>)
  location: class com.example.magazyn.service.LocationServiceTest
[ERROR] /D:/Dane/Projekty/magazyn-app/src/test/java/com/example/magazyn/service/LocationServiceTest.java:[468,9] cannot find symbol
  symbol:   method when(java.util.Optional<com.example.magazyn.entity.Location>)
  location: class com.example.magazyn.service.LocationServiceTest
[ERROR] /D:/Dane/Projekty/magazyn-app/src/test/java/com/example/magazyn/service/LocationServiceTest.java:[469,9] cannot find symbol
  symbol:   method when(java.util.Optional<com.example.magazyn.entity.Product>)
  location: class com.example.magazyn.service.LocationServiceTest
[ERROR] /D:/Dane/Projekty/magazyn-app/src/test/java/com/example/magazyn/service/LocationServiceTest.java:[470,9] cannot find symbol
  symbol:   method when(java.util.Optional<com.example.magazyn.entity.LocationStock>)
  location: class com.example.magazyn.service.LocationServiceTest
[ERROR] /D:/Dane/Projekty/magazyn-app/src/test/java/com/example/magazyn/service/LocationServiceTest.java:[471,9] cannot find symbol
  symbol:   method when(java.util.Optional<com.example.magazyn.entity.LocationStock>)
  location: class com.example.magazyn.service.LocationServiceTest
[ERROR] /D:/Dane/Projekty/magazyn-app/src/test/java/com/example/magazyn/service/LocationServiceTest.java:[472,9] cannot find symbol
  symbol:   method when(java.util.List<com.example.magazyn.entity.LocationStock>)
  location: class com.example.magazyn.service.LocationServiceTest
[ERROR] /D:/Dane/Projekty/magazyn-app/src/test/java/com/example/magazyn/service/LocationServiceTest.java:[473,9] cannot find symbol
  symbol:   method when(java.util.List<com.example.magazyn.entity.LocationStock>)
  location: class com.example.magazyn.service.LocationServiceTest
[ERROR] /D:/Dane/Projekty/magazyn-app/src/test/java/com/example/magazyn/service/LocationServiceTest.java:[474,9] cannot find symbol
  symbol:   method when(java.util.Optional<com.example.magazyn.entity.Location>)
  location: class com.example.magazyn.service.LocationServiceTest
[ERROR] /D:/Dane/Projekty/magazyn-app/src/test/java/com/example/magazyn/service/LocationServiceTest.java:[475,9] cannot find symbol
  symbol:   method when(java.util.Optional<com.example.magazyn.entity.Location>)
  location: class com.example.magazyn.service.LocationServiceTest
[ERROR] /D:/Dane/Projekty/magazyn-app/src/test/java/com/example/magazyn/service/LocationServiceTest.java:[480,9] cannot find symbol
  symbol:   method verify(com.example.magazyn.repository.LocationStockRepository)
  location: class com.example.magazyn.service.LocationServiceTest
[ERROR] /D:/Dane/Projekty/magazyn-app/src/test/java/com/example/magazyn/service/LocationServiceTest.java:[481,41] cannot find symbol
  symbol:   method never()
  location: class com.example.magazyn.service.LocationServiceTest
[ERROR] /D:/Dane/Projekty/magazyn-app/src/test/java/com/example/magazyn/service/ReservationServiceTest.java:[364,35] cannot find symbol
  symbol:   method findByStatusAndExpiresAtBefore(com.example.magazyn.entity.ReservationStatus,java.time.LocalDateTime)
  location: variable reservationRepository of type com.example.magazyn.repository.StockReservationRepository
[ERROR] /D:/Dane/Projekty/magazyn-app/src/test/java/com/example/magazyn/service/ReservationServiceTest.java:[373,38] cannot find symbol
  symbol:   method findByStatusAndExpiresAtBefore(com.example.magazyn.entity.ReservationStatus,java.time.LocalDateTime)
  location: interface com.example.magazyn.repository.StockReservationRepository
[ERROR] /D:/Dane/Projekty/magazyn-app/src/test/java/com/example/magazyn/service/ReservationServiceTest.java:[379,35] cannot find symbol
  symbol:   method findByStatusAndExpiresAtBefore(com.example.magazyn.entity.ReservationStatus,java.time.LocalDateTime)
  location: variable reservationRepository of type com.example.magazyn.repository.StockReservationRepository
[ERROR] /D:/Dane/Projekty/magazyn-app/src/test/java/com/example/magazyn/service/ReservationServiceTest.java:[384,38] cannot find symbol
  symbol:   method findByStatusAndExpiresAtBefore(com.example.magazyn.entity.ReservationStatus,java.time.LocalDateTime)
  location: interface com.example.magazyn.repository.StockReservationRepository
[INFO] 70 errors 
[INFO] -------------------------------------------------------------
[INFO] ------------------------------------------------------------------------
[INFO] BUILD FAILURE
[INFO] ------------------------------------------------------------------------
[INFO] Total time:  4.243 s
[INFO] Finished at: 2026-05-29T22:17:09+02:00
[INFO] ------------------------------------------------------------------------
[ERROR] Failed to execute goal org.apache.maven.plugins:maven-compiler-plugin:3.14.1:testCompile (default-testCompile) on project magazyn: Compilation failure: Compilation failure: 
[ERROR] /D:/Dane/Projekty/magazyn-app/src/test/java/com/example/magazyn/service/LocationServiceTest.java:[81,9] cannot find symbol
[ERROR]   symbol:   method when(com.example.magazyn.entity.Location)
[ERROR]   location: class com.example.magazyn.service.LocationServiceTest
[ERROR] /D:/Dane/Projekty/magazyn-app/src/test/java/com/example/magazyn/service/LocationServiceTest.java:[92,9] cannot find symbol
[ERROR]   symbol:   method verify(com.example.magazyn.repository.LocationRepository)
[ERROR]   location: class com.example.magazyn.service.LocationServiceTest
[ERROR] /D:/Dane/Projekty/magazyn-app/src/test/java/com/example/magazyn/service/LocationServiceTest.java:[93,36] cannot find symbol
[ERROR]   symbol:   method never()
[ERROR]   location: class com.example.magazyn.service.LocationServiceTest
[ERROR] /D:/Dane/Projekty/magazyn-app/src/test/java/com/example/magazyn/service/LocationServiceTest.java:[100,9] cannot find symbol
[ERROR]   symbol:   method when(boolean)
[ERROR]   location: class com.example.magazyn.service.LocationServiceTest
[ERROR] /D:/Dane/Projekty/magazyn-app/src/test/java/com/example/magazyn/service/LocationServiceTest.java:[103,9] cannot find symbol
[ERROR]   symbol:   method when(com.example.magazyn.entity.Location)
[ERROR]   location: class com.example.magazyn.service.LocationServiceTest
[ERROR] /D:/Dane/Projekty/magazyn-app/src/test/java/com/example/magazyn/service/LocationServiceTest.java:[110,9] cannot find symbol
[ERROR]   symbol:   method verify(com.example.magazyn.repository.LocationRepository)
[ERROR]   location: class com.example.magazyn.service.LocationServiceTest
[ERROR] /D:/Dane/Projekty/magazyn-app/src/test/java/com/example/magazyn/service/LocationServiceTest.java:[117,9] cannot find symbol
[ERROR]   symbol:   method when(boolean)
[ERROR]   location: class com.example.magazyn.service.LocationServiceTest
[ERROR] /D:/Dane/Projekty/magazyn-app/src/test/java/com/example/magazyn/service/LocationServiceTest.java:[123,9] cannot find symbol
[ERROR]   symbol:   method verify(com.example.magazyn.repository.LocationRepository)
[ERROR]   location: class com.example.magazyn.service.LocationServiceTest
[ERROR] /D:/Dane/Projekty/magazyn-app/src/test/java/com/example/magazyn/service/LocationServiceTest.java:[124,36] cannot find symbol
[ERROR]   symbol:   method never()
[ERROR]   location: class com.example.magazyn.service.LocationServiceTest
[ERROR] /D:/Dane/Projekty/magazyn-app/src/test/java/com/example/magazyn/service/LocationServiceTest.java:[132,9] cannot find symbol
[ERROR]   symbol:   method when(com.example.magazyn.entity.Location)
[ERROR]   location: class com.example.magazyn.service.LocationServiceTest
[ERROR] /D:/Dane/Projekty/magazyn-app/src/test/java/com/example/magazyn/service/LocationServiceTest.java:[136,36] cannot find symbol
[ERROR]   symbol:   method never()
[ERROR]   location: class com.example.magazyn.service.LocationServiceTest
[ERROR] /D:/Dane/Projekty/magazyn-app/src/test/java/com/example/magazyn/service/LocationServiceTest.java:[137,9] cannot find symbol
[ERROR]   symbol:   method verify(com.example.magazyn.repository.LocationRepository)
[ERROR]   location: class com.example.magazyn.service.LocationServiceTest
[ERROR] /D:/Dane/Projekty/magazyn-app/src/test/java/com/example/magazyn/service/LocationServiceTest.java:[150,9] cannot find symbol
[ERROR]   symbol:   method when(java.util.List<com.example.magazyn.entity.Location>)
[ERROR]   location: class com.example.magazyn.service.LocationServiceTest
[ERROR] /D:/Dane/Projekty/magazyn-app/src/test/java/com/example/magazyn/service/LocationServiceTest.java:[173,9] cannot find symbol
[ERROR]   symbol:   method when(java.util.List<com.example.magazyn.entity.Location>)
[ERROR]   location: class com.example.magazyn.service.LocationServiceTest
[ERROR] /D:/Dane/Projekty/magazyn-app/src/test/java/com/example/magazyn/service/LocationServiceTest.java:[184,9] cannot find symbol
[ERROR]   symbol:   method when(java.util.List<com.example.magazyn.entity.Location>)
[ERROR]   location: class com.example.magazyn.service.LocationServiceTest
[ERROR] /D:/Dane/Projekty/magazyn-app/src/test/java/com/example/magazyn/service/LocationServiceTest.java:[199,9] cannot find symbol
[ERROR]   symbol:   method when(java.util.Optional<com.example.magazyn.entity.Location>)
[ERROR]   location: class com.example.magazyn.service.LocationServiceTest
[ERROR] /D:/Dane/Projekty/magazyn-app/src/test/java/com/example/magazyn/service/LocationServiceTest.java:[200,9] cannot find symbol
[ERROR]   symbol:   method when(boolean)
[ERROR]   location: class com.example.magazyn.service.LocationServiceTest
[ERROR] /D:/Dane/Projekty/magazyn-app/src/test/java/com/example/magazyn/service/LocationServiceTest.java:[204,9] cannot find symbol
[ERROR]   symbol:   method verify(com.example.magazyn.repository.LocationRepository)
[ERROR]   location: class com.example.magazyn.service.LocationServiceTest
[ERROR] /D:/Dane/Projekty/magazyn-app/src/test/java/com/example/magazyn/service/LocationServiceTest.java:[211,9] cannot find symbol
[ERROR]   symbol:   method when(java.util.Optional<com.example.magazyn.entity.Location>)
[ERROR]   location: class com.example.magazyn.service.LocationServiceTest
[ERROR] /D:/Dane/Projekty/magazyn-app/src/test/java/com/example/magazyn/service/LocationServiceTest.java:[212,9] cannot find symbol
[ERROR]   symbol:   method when(boolean)
[ERROR]   location: class com.example.magazyn.service.LocationServiceTest
[ERROR] /D:/Dane/Projekty/magazyn-app/src/test/java/com/example/magazyn/service/LocationServiceTest.java:[218,36] cannot find symbol
[ERROR]   symbol:   method never()
[ERROR]   location: class com.example.magazyn.service.LocationServiceTest
[ERROR] /D:/Dane/Projekty/magazyn-app/src/test/java/com/example/magazyn/service/LocationServiceTest.java:[223,9] cannot find symbol
[ERROR]   symbol:   method when(java.util.Optional<com.example.magazyn.entity.Location>)
[ERROR]   location: class com.example.magazyn.service.LocationServiceTest
[ERROR] /D:/Dane/Projekty/magazyn-app/src/test/java/com/example/magazyn/service/LocationServiceTest.java:[229,36] cannot find symbol
[ERROR]   symbol:   method never()
[ERROR]   location: class com.example.magazyn.service.LocationServiceTest
[ERROR] /D:/Dane/Projekty/magazyn-app/src/test/java/com/example/magazyn/service/LocationServiceTest.java:[241,9] cannot find symbol
[ERROR]   symbol:   method when(java.util.List<com.example.magazyn.entity.Location>)
[ERROR]   location: class com.example.magazyn.service.LocationServiceTest
[ERROR] /D:/Dane/Projekty/magazyn-app/src/test/java/com/example/magazyn/service/LocationServiceTest.java:[253,9] cannot find symbol
[ERROR]   symbol:   method when(java.util.Optional<com.example.magazyn.entity.Location>)
[ERROR]   location: class com.example.magazyn.service.LocationServiceTest
[ERROR] /D:/Dane/Projekty/magazyn-app/src/test/java/com/example/magazyn/service/LocationServiceTest.java:[263,9] cannot find symbol
[ERROR]   symbol:   method when(java.util.Optional<com.example.magazyn.entity.Location>)
[ERROR]   location: class com.example.magazyn.service.LocationServiceTest
[ERROR] /D:/Dane/Projekty/magazyn-app/src/test/java/com/example/magazyn/service/LocationServiceTest.java:[275,9] cannot find symbol
[ERROR]   symbol:   method when(java.util.List<com.example.magazyn.entity.Location>)
[ERROR]   location: class com.example.magazyn.service.LocationServiceTest
[ERROR] /D:/Dane/Projekty/magazyn-app/src/test/java/com/example/magazyn/service/LocationServiceTest.java:[293,9] cannot find symbol
[ERROR]   symbol:   method when(java.util.Optional<com.example.magazyn.entity.Location>)
[ERROR]   location: class com.example.magazyn.service.LocationServiceTest
[ERROR] /D:/Dane/Projekty/magazyn-app/src/test/java/com/example/magazyn/service/LocationServiceTest.java:[294,9] cannot find symbol
[ERROR]   symbol:   method when(com.example.magazyn.entity.Location)
[ERROR]   location: class com.example.magazyn.service.LocationServiceTest
[ERROR] /D:/Dane/Projekty/magazyn-app/src/test/java/com/example/magazyn/service/LocationServiceTest.java:[309,9] cannot find symbol
[ERROR]   symbol:   method when(java.util.Optional<com.example.magazyn.entity.Location>)
[ERROR]   location: class com.example.magazyn.service.LocationServiceTest
[ERROR] /D:/Dane/Projekty/magazyn-app/src/test/java/com/example/magazyn/service/LocationServiceTest.java:[310,9] cannot find symbol
[ERROR]   symbol:   method when(boolean)
[ERROR]   location: class com.example.magazyn.service.LocationServiceTest
[ERROR] /D:/Dane/Projekty/magazyn-app/src/test/java/com/example/magazyn/service/LocationServiceTest.java:[315,36] cannot find symbol
[ERROR]   symbol:   method never()
[ERROR]   location: class com.example.magazyn.service.LocationServiceTest
[ERROR] /D:/Dane/Projekty/magazyn-app/src/test/java/com/example/magazyn/service/LocationServiceTest.java:[321,9] cannot find symbol
[ERROR]   symbol:   method when(java.util.Optional<com.example.magazyn.entity.Location>)
[ERROR]   location: class com.example.magazyn.service.LocationServiceTest
[ERROR] /D:/Dane/Projekty/magazyn-app/src/test/java/com/example/magazyn/service/LocationServiceTest.java:[334,9] cannot find symbol
[ERROR]   symbol:   method when(java.util.Optional<com.example.magazyn.entity.Location>)
[ERROR]   location: class com.example.magazyn.service.LocationServiceTest
[ERROR] /D:/Dane/Projekty/magazyn-app/src/test/java/com/example/magazyn/service/LocationServiceTest.java:[335,9] cannot find symbol
[ERROR]   symbol:   method when(com.example.magazyn.entity.Location)
[ERROR]   location: class com.example.magazyn.service.LocationServiceTest
[ERROR] /D:/Dane/Projekty/magazyn-app/src/test/java/com/example/magazyn/service/LocationServiceTest.java:[369,9] cannot find symbol
[ERROR]   symbol:   method when(java.util.Optional<com.example.magazyn.entity.Location>)
[ERROR]   location: class com.example.magazyn.service.LocationServiceTest
[ERROR] /D:/Dane/Projekty/magazyn-app/src/test/java/com/example/magazyn/service/LocationServiceTest.java:[370,9] cannot find symbol
[ERROR]   symbol:   method when(java.util.Optional<com.example.magazyn.entity.Location>)
[ERROR]   location: class com.example.magazyn.service.LocationServiceTest
[ERROR] /D:/Dane/Projekty/magazyn-app/src/test/java/com/example/magazyn/service/LocationServiceTest.java:[371,9] cannot find symbol
[ERROR]   symbol:   method when(java.util.Optional<com.example.magazyn.entity.Product>)
[ERROR]   location: class com.example.magazyn.service.LocationServiceTest
[ERROR] /D:/Dane/Projekty/magazyn-app/src/test/java/com/example/magazyn/service/LocationServiceTest.java:[372,9] cannot find symbol
[ERROR]   symbol:   method when(java.util.Optional<com.example.magazyn.entity.LocationStock>)
[ERROR]   location: class com.example.magazyn.service.LocationServiceTest
[ERROR] /D:/Dane/Projekty/magazyn-app/src/test/java/com/example/magazyn/service/LocationServiceTest.java:[373,9] cannot find symbol
[ERROR]   symbol:   method when(java.util.Optional<com.example.magazyn.entity.LocationStock>)
[ERROR]   location: class com.example.magazyn.service.LocationServiceTest
[ERROR] /D:/Dane/Projekty/magazyn-app/src/test/java/com/example/magazyn/service/LocationServiceTest.java:[374,9] cannot find symbol
[ERROR]   symbol:   method when(java.util.List<com.example.magazyn.entity.LocationStock>)
[ERROR]   location: class com.example.magazyn.service.LocationServiceTest
[ERROR] /D:/Dane/Projekty/magazyn-app/src/test/java/com/example/magazyn/service/LocationServiceTest.java:[375,9] cannot find symbol
[ERROR]   symbol:   method when(java.util.List<com.example.magazyn.entity.LocationStock>)
[ERROR]   location: class com.example.magazyn.service.LocationServiceTest
[ERROR] /D:/Dane/Projekty/magazyn-app/src/test/java/com/example/magazyn/service/LocationServiceTest.java:[376,9] cannot find symbol
[ERROR]   symbol:   method when(java.util.Optional<com.example.magazyn.entity.Location>)
[ERROR]   location: class com.example.magazyn.service.LocationServiceTest
[ERROR] /D:/Dane/Projekty/magazyn-app/src/test/java/com/example/magazyn/service/LocationServiceTest.java:[377,9] cannot find symbol
[ERROR]   symbol:   method when(java.util.Optional<com.example.magazyn.entity.Location>)
[ERROR]   location: class com.example.magazyn.service.LocationServiceTest
[ERROR] /D:/Dane/Projekty/magazyn-app/src/test/java/com/example/magazyn/service/LocationServiceTest.java:[387,9] cannot find symbol
[ERROR]   symbol:   method verify(com.example.magazyn.repository.LocationStockRepository)
[ERROR]   location: class com.example.magazyn.service.LocationServiceTest
[ERROR] /D:/Dane/Projekty/magazyn-app/src/test/java/com/example/magazyn/service/LocationServiceTest.java:[388,9] cannot find symbol
[ERROR]   symbol:   method verify(com.example.magazyn.repository.LocationStockRepository)
[ERROR]   location: class com.example.magazyn.service.LocationServiceTest
[ERROR] /D:/Dane/Projekty/magazyn-app/src/test/java/com/example/magazyn/service/LocationServiceTest.java:[389,9] cannot find symbol
[ERROR]   symbol:   method verify(com.example.magazyn.service.AuditLogService)
[ERROR]   location: class com.example.magazyn.service.LocationServiceTest
[ERROR] /D:/Dane/Projekty/magazyn-app/src/test/java/com/example/magazyn/service/LocationServiceTest.java:[413,9] cannot find symbol
[ERROR]   symbol:   method when(java.util.Optional<com.example.magazyn.entity.Location>)
[ERROR]   location: class com.example.magazyn.service.LocationServiceTest
[ERROR] /D:/Dane/Projekty/magazyn-app/src/test/java/com/example/magazyn/service/LocationServiceTest.java:[414,9] cannot find symbol
[ERROR]   symbol:   method when(java.util.Optional<com.example.magazyn.entity.Location>)
[ERROR]   location: class com.example.magazyn.service.LocationServiceTest
[ERROR] /D:/Dane/Projekty/magazyn-app/src/test/java/com/example/magazyn/service/LocationServiceTest.java:[415,9] cannot find symbol
[ERROR]   symbol:   method when(java.util.Optional<com.example.magazyn.entity.Product>)
[ERROR]   location: class com.example.magazyn.service.LocationServiceTest
[ERROR] /D:/Dane/Projekty/magazyn-app/src/test/java/com/example/magazyn/service/LocationServiceTest.java:[416,9] cannot find symbol
[ERROR]   symbol:   method when(java.util.Optional<com.example.magazyn.entity.LocationStock>)
[ERROR]   location: class com.example.magazyn.service.LocationServiceTest
[ERROR] /D:/Dane/Projekty/magazyn-app/src/test/java/com/example/magazyn/service/LocationServiceTest.java:[437,9] cannot find symbol
[ERROR]   symbol:   method when(java.util.Optional<com.example.magazyn.entity.Location>)
[ERROR]   location: class com.example.magazyn.service.LocationServiceTest
[ERROR] /D:/Dane/Projekty/magazyn-app/src/test/java/com/example/magazyn/service/LocationServiceTest.java:[438,9] cannot find symbol
[ERROR]   symbol:   method when(java.util.Optional<com.example.magazyn.entity.Location>)
[ERROR]   location: class com.example.magazyn.service.LocationServiceTest
[ERROR] /D:/Dane/Projekty/magazyn-app/src/test/java/com/example/magazyn/service/LocationServiceTest.java:[439,9] cannot find symbol
[ERROR]   symbol:   method when(java.util.Optional<com.example.magazyn.entity.Product>)
[ERROR]   location: class com.example.magazyn.service.LocationServiceTest
[ERROR] /D:/Dane/Projekty/magazyn-app/src/test/java/com/example/magazyn/service/LocationServiceTest.java:[440,9] cannot find symbol
[ERROR]   symbol:   method when(java.util.Optional<com.example.magazyn.entity.LocationStock>)
[ERROR]   location: class com.example.magazyn.service.LocationServiceTest
[ERROR] /D:/Dane/Projekty/magazyn-app/src/test/java/com/example/magazyn/service/LocationServiceTest.java:[467,9] cannot find symbol
[ERROR]   symbol:   method when(java.util.Optional<com.example.magazyn.entity.Location>)
[ERROR]   location: class com.example.magazyn.service.LocationServiceTest
[ERROR] /D:/Dane/Projekty/magazyn-app/src/test/java/com/example/magazyn/service/LocationServiceTest.java:[468,9] cannot find symbol
[ERROR]   symbol:   method when(java.util.Optional<com.example.magazyn.entity.Location>)
[ERROR]   location: class com.example.magazyn.service.LocationServiceTest
[ERROR] /D:/Dane/Projekty/magazyn-app/src/test/java/com/example/magazyn/service/LocationServiceTest.java:[469,9] cannot find symbol
[ERROR]   symbol:   method when(java.util.Optional<com.example.magazyn.entity.Product>)
[ERROR]   location: class com.example.magazyn.service.LocationServiceTest
[ERROR] /D:/Dane/Projekty/magazyn-app/src/test/java/com/example/magazyn/service/LocationServiceTest.java:[470,9] cannot find symbol
[ERROR]   symbol:   method when(java.util.Optional<com.example.magazyn.entity.LocationStock>)
[ERROR]   location: class com.example.magazyn.service.LocationServiceTest
[ERROR] /D:/Dane/Projekty/magazyn-app/src/test/java/com/example/magazyn/service/LocationServiceTest.java:[471,9] cannot find symbol
[ERROR]   symbol:   method when(java.util.Optional<com.example.magazyn.entity.LocationStock>)
[ERROR]   location: class com.example.magazyn.service.LocationServiceTest
[ERROR] /D:/Dane/Projekty/magazyn-app/src/test/java/com/example/magazyn/service/LocationServiceTest.java:[472,9] cannot find symbol
[ERROR]   symbol:   method when(java.util.List<com.example.magazyn.entity.LocationStock>)
[ERROR]   location: class com.example.magazyn.service.LocationServiceTest
[ERROR] /D:/Dane/Projekty/magazyn-app/src/test/java/com/example/magazyn/service/LocationServiceTest.java:[473,9] cannot find symbol
[ERROR]   symbol:   method when(java.util.List<com.example.magazyn.entity.LocationStock>)
[ERROR]   location: class com.example.magazyn.service.LocationServiceTest
[ERROR] /D:/Dane/Projekty/magazyn-app/src/test/java/com/example/magazyn/service/LocationServiceTest.java:[474,9] cannot find symbol
[ERROR]   symbol:   method when(java.util.Optional<com.example.magazyn.entity.Location>)
[ERROR]   location: class com.example.magazyn.service.LocationServiceTest
[ERROR] /D:/Dane/Projekty/magazyn-app/src/test/java/com/example/magazyn/service/LocationServiceTest.java:[475,9] cannot find symbol
[ERROR]   symbol:   method when(java.util.Optional<com.example.magazyn.entity.Location>)
[ERROR]   location: class com.example.magazyn.service.LocationServiceTest
[ERROR] /D:/Dane/Projekty/magazyn-app/src/test/java/com/example/magazyn/service/LocationServiceTest.java:[480,9] cannot find symbol
[ERROR]   symbol:   method verify(com.example.magazyn.repository.LocationStockRepository)
[ERROR]   location: class com.example.magazyn.service.LocationServiceTest
[ERROR] /D:/Dane/Projekty/magazyn-app/src/test/java/com/example/magazyn/service/LocationServiceTest.java:[481,41] cannot find symbol
[ERROR]   symbol:   method never()
[ERROR]   location: class com.example.magazyn.service.LocationServiceTest
[ERROR] /D:/Dane/Projekty/magazyn-app/src/test/java/com/example/magazyn/service/ReservationServiceTest.java:[364,35] cannot find symbol
[ERROR]   symbol:   method findByStatusAndExpiresAtBefore(com.example.magazyn.entity.ReservationStatus,java.time.LocalDateTime)
[ERROR]   location: variable reservationRepository of type com.example.magazyn.repository.StockReservationRepository
[ERROR] /D:/Dane/Projekty/magazyn-app/src/test/java/com/example/magazyn/service/ReservationServiceTest.java:[373,38] cannot find symbol
[ERROR]   symbol:   method findByStatusAndExpiresAtBefore(com.example.magazyn.entity.ReservationStatus,java.time.LocalDateTime)
[ERROR]   location: interface com.example.magazyn.repository.StockReservationRepository
[ERROR] /D:/Dane/Projekty/magazyn-app/src/test/java/com/example/magazyn/service/ReservationServiceTest.java:[379,35] cannot find symbol
[ERROR]   symbol:   method findByStatusAndExpiresAtBefore(com.example.magazyn.entity.ReservationStatus,java.time.LocalDateTime)
[ERROR]   location: variable reservationRepository of type com.example.magazyn.repository.StockReservationRepository
[ERROR] /D:/Dane/Projekty/magazyn-app/src/test/java/com/example/magazyn/service/ReservationServiceTest.java:[384,38] cannot find symbol
[ERROR]   symbol:   method findByStatusAndExpiresAtBefore(com.example.magazyn.entity.ReservationStatus,java.time.LocalDateTime)
[ERROR]   location: interface com.example.magazyn.repository.StockReservationRepository
[ERROR] -> [Help 1]
[ERROR] 
[ERROR] To see the full stack trace of the errors, re-run Maven with the -e switch.
[ERROR] Re-run Maven using the -X switch to enable full debug logging.
[ERROR] 
[ERROR] For more information about the errors and possible solutions, please read the following articles:
[ERROR] [Help 1] http://cwiki.apache.org/confluence/display/MAVEN/MojoFailureException
